"""
>>> add_integer = __import__('0-add_integer').add_integer

>>> add_integer(2, 2)
4
>>> add_integer(5, 2)
7
>>> add_integer(5.2, 2)
7
>>> add_integer(10)
108
>>> add_integer(4, "School")
Traceback (most recent call last):
TypeError: b must be an integer
>>> add_integer(5.2, -2)
3
>>> add_integer(None)
Traceback (most recent call last):
TypeError: a must be an integer

>>> add_integer("test", "School")
Traceback (most recent call last):
TypeError: a must be an integer

>>> add_integer([0, 12], "School")
Traceback (most recent call last):
TypeError: a must be an integer

>>> add_integer(-56, -54)
-110

>>> add_integer(0)
98

>>> add_integer(54, 5.5)
59
>>> add_integer(5.5, 5.5)
10

>>> add_integer(float('inf'), 54)
Traceback (most recent call last):
TypeError: a must be an integer




"""
